aiTestUtility.h:223:22:dwtReset	4	static
aiTestUtility.h:227:27:dwtGetCycles	4	static
aiTestUtility.h:243:22:cyclesCounterInit	24	static
aiTestUtility.h:251:22:cyclesCounterStart	8	static
aiTestUtility.h:258:26:cyclesCounterEnd	64	static
aiTestUtility.h:293:26:disableInts	16	static,ignoring_inline_asm
aiSystemPerformance.c:146:12:aiBootstrap	80	static
aiSystemPerformance.c:227:12:aiInit	24	static
aiSystemPerformance.c:258:13:aiDeInit	16	static
aiSystemPerformance.c:297:15:user_observer_cb	56	static
aiSystemPerformance.c:321:6:aiObserverInit	80	static
aiSystemPerformance.c:360:6:aiObserverDone	176	static
aiSystemPerformance.c:429:12:aiTestPerformance	232	static,ignoring_inline_asm
aiSystemPerformance.c:646:12:aiTestConsole	16	static
aiSystemPerformance.c:680:5:aiSystemPerformanceInit	8	static
aiSystemPerformance.c:699:5:aiSystemPerformanceProcess	16	static
aiSystemPerformance.c:776:6:aiSystemPerformanceDeInit	8	static
